[infinite-woodland-5276.herokuapp.com/index.html]
[backblue.gif]
[fade.gif]
[index.html]
[infinite-woodland-5276.herokuapp.com/assets/stylesheets/bootstrap.min.css]
[infinite-woodland-5276.herokuapp.com/assets/stylesheets/widgets.min.css]
[infinite-woodland-5276.herokuapp.com/assets/stylesheets/pixel-admin.min.css]
[infinite-woodland-5276.herokuapp.com/assets/stylesheets/rtl.min.css]
[infinite-woodland-5276.herokuapp.com/assets/demo/demo.js]
[infinite-woodland-5276.herokuapp.com/assets/stylesheets/themes.min.css]
[infinite-woodland-5276.herokuapp.com/assets/images/pixel-admin/main-navbar-logo.png]
[infinite-woodland-5276.herokuapp.com/assets/demo/avatars/2.jpg]
[infinite-woodland-5276.herokuapp.com/assets/demo/avatars/3.jpg]
[infinite-woodland-5276.herokuapp.com/assets/demo/avatars/4.jpg]
[infinite-woodland-5276.herokuapp.com/assets/demo/avatars/5.jpg]
[infinite-woodland-5276.herokuapp.com/assets/demo/avatars/1.jpg]
[infinite-woodland-5276.herokuapp.com/pages-signin.html]
[infinite-woodland-5276.herokuapp.com/layouts-grid.html]
[infinite-woodland-5276.herokuapp.com/layouts-main-menu.html]
[infinite-woodland-5276.herokuapp.com/stat-panels.html]
[infinite-woodland-5276.herokuapp.com/widgets.html]
[infinite-woodland-5276.herokuapp.com/ui-buttons.html]
[infinite-woodland-5276.herokuapp.com/ui-typography.html]
[infinite-woodland-5276.herokuapp.com/ui-tabs.html]
[infinite-woodland-5276.herokuapp.com/ui-modals.html]
[infinite-woodland-5276.herokuapp.com/ui-alerts.html]
[infinite-woodland-5276.herokuapp.com/ui-components.html]
[infinite-woodland-5276.herokuapp.com/ui-panels.html]
[infinite-woodland-5276.herokuapp.com/ui-jqueryui.html]
[infinite-woodland-5276.herokuapp.com/ui-icons.html]
[infinite-woodland-5276.herokuapp.com/ui-utility-classes.html]
[infinite-woodland-5276.herokuapp.com/forms-layouts.html]
[infinite-woodland-5276.herokuapp.com/forms-general.html]
[infinite-woodland-5276.herokuapp.com/forms-advanced.html]
[infinite-woodland-5276.herokuapp.com/forms-pickers.html]
[infinite-woodland-5276.herokuapp.com/forms-validation.html]
[infinite-woodland-5276.herokuapp.com/forms-editors.html]
[infinite-woodland-5276.herokuapp.com/tables.html]
[infinite-woodland-5276.herokuapp.com/charts.html]
[infinite-woodland-5276.herokuapp.com/pages-search.html]
[infinite-woodland-5276.herokuapp.com/pages-pricing.html]
[infinite-woodland-5276.herokuapp.com/pages-faq.html]
[infinite-woodland-5276.herokuapp.com/pages-profile.html]
[infinite-woodland-5276.herokuapp.com/pages-timeline.html]
[infinite-woodland-5276.herokuapp.com/pages-signup.html]
[infinite-woodland-5276.herokuapp.com/pages-signin-alt.html]
[infinite-woodland-5276.herokuapp.com/pages-signup-alt.html]
[infinite-woodland-5276.herokuapp.com/pages-invoice.html]
[infinite-woodland-5276.herokuapp.com/pages-404.html]
[infinite-woodland-5276.herokuapp.com/pages-500.html]
[infinite-woodland-5276.herokuapp.com/pages-inbox.html]
[infinite-woodland-5276.herokuapp.com/pages-show-email.html]
[infinite-woodland-5276.herokuapp.com/pages-new-email.html]
[infinite-woodland-5276.herokuapp.com/pages-blank.html]
[infinite-woodland-5276.herokuapp.com/color-builder.html]
[infinite-woodland-5276.herokuapp.com/complete-ui.html]
[ajax.googleapis.com/ajax/libs/jquery/2.0.3/jquery.min.js]
[infinite-woodland-5276.herokuapp.com/assets/javascripts/bootstrap.min.js]
[infinite-woodland-5276.herokuapp.com/index.html]
[infinite-woodland-5276.herokuapp.com/assets/fonts/glyphicons-halflings-regular.eot]
[infinite-woodland-5276.herokuapp.com/assets/fonts/glyphicons-halflings-regulard41d.eot]
[infinite-woodland-5276.herokuapp.com/assets/fonts/glyphicons-halflings-regular.woff]
[infinite-woodland-5276.herokuapp.com/assets/fonts/glyphicons-halflings-regular.ttf]
[infinite-woodland-5276.herokuapp.com/assets/fonts/glyphicons-halflings-regular.svg]
[infinite-woodland-5276.herokuapp.com/assets/stylesheets/bootstrap.min.css]
[infinite-woodland-5276.herokuapp.com/assets/javascripts/pixel-admin.min.js]
[infinite-woodland-5276.herokuapp.com/assets/fonts/font-awesome/fontawesome-webfontba72.eot]
[infinite-woodland-5276.herokuapp.com/assets/fonts/font-awesome/fontawesome-webfontba72.woff]
[infinite-woodland-5276.herokuapp.com/assets/fonts/font-awesome/fontawesome-webfontd41d.eot]
[infinite-woodland-5276.herokuapp.com/assets/stylesheets/pixel-admin.min.css]
[infinite-woodland-5276.herokuapp.com/assets/stylesheets/widgets.min.css]
[infinite-woodland-5276.herokuapp.com/assets/stylesheets/rtl.min.css]
[infinite-woodland-5276.herokuapp.com/assets/fonts/font-awesome/fontawesome-webfontba72.ttf]
[infinite-woodland-5276.herokuapp.com/assets/fonts/font-awesome/fontawesome-webfontba72.svg]
[infinite-woodland-5276.herokuapp.com/assets/images/themes/adminflare/body-bg.png]
[infinite-woodland-5276.herokuapp.com/assets/images/themes/adminflare/ie-navbar-bg.png]
[infinite-woodland-5276.herokuapp.com/assets/images/themes/adminflare/menu-bg.png]
[infinite-woodland-5276.herokuapp.com/assets/stylesheets/themes.min.css]
[infinite-woodland-5276.herokuapp.com/assets/stylesheets/pages.min.css]
[infinite-woodland-5276.herokuapp.com/assets/demo/signin-bg-3.jpg]
[infinite-woodland-5276.herokuapp.com/assets/demo/signin-bg-5.jpg]
[infinite-woodland-5276.herokuapp.com/assets/demo/signin-bg-2.jpg]
[infinite-woodland-5276.herokuapp.com/pages-signin.html]
[infinite-woodland-5276.herokuapp.com/layouts-grid.html]
[infinite-woodland-5276.herokuapp.com/layouts-main-menu.html]
[infinite-woodland-5276.herokuapp.com/stat-panels.html]
[infinite-woodland-5276.herokuapp.com/widgets.html]
[infinite-woodland-5276.herokuapp.com/ui-buttons.html]
[infinite-woodland-5276.herokuapp.com/ui-typography.html]
[infinite-woodland-5276.herokuapp.com/ui-tabs.html]
[infinite-woodland-5276.herokuapp.com/ui-modals.html]
[infinite-woodland-5276.herokuapp.com/ui-alerts.html]
[infinite-woodland-5276.herokuapp.com/ui-components.html]
[infinite-woodland-5276.herokuapp.com/ui-panels.html]
[infinite-woodland-5276.herokuapp.com/ui-jqueryui.html]
[infinite-woodland-5276.herokuapp.com/ui-icons.html]
[infinite-woodland-5276.herokuapp.com/ui-utility-classes.html]
[infinite-woodland-5276.herokuapp.com/forms-layouts.html]
[infinite-woodland-5276.herokuapp.com/forms-general.html]
[infinite-woodland-5276.herokuapp.com/forms-advanced.html]
[infinite-woodland-5276.herokuapp.com/forms-pickers.html]
[infinite-woodland-5276.herokuapp.com/forms-validation.html]
[infinite-woodland-5276.herokuapp.com/forms-editors.html]
[infinite-woodland-5276.herokuapp.com/tables.html]
[infinite-woodland-5276.herokuapp.com/charts.html]
[infinite-woodland-5276.herokuapp.com/pages-search.html]
[infinite-woodland-5276.herokuapp.com/pages-pricing.html]
[infinite-woodland-5276.herokuapp.com/pages-faq.html]
[infinite-woodland-5276.herokuapp.com/pages-profile.html]
[infinite-woodland-5276.herokuapp.com/pages-timeline.html]
[infinite-woodland-5276.herokuapp.com/pages-signup.html]
[infinite-woodland-5276.herokuapp.com/pages-signin-alt.html]
[infinite-woodland-5276.herokuapp.com/pages-signup-alt.html]
[infinite-woodland-5276.herokuapp.com/pages-invoice.html]
[infinite-woodland-5276.herokuapp.com/pages-404.html]
[infinite-woodland-5276.herokuapp.com/pages-500.html]
[infinite-woodland-5276.herokuapp.com/pages-inbox.html]
[infinite-woodland-5276.herokuapp.com/pages-show-email.html]
[infinite-woodland-5276.herokuapp.com/pages-new-email.html]
[infinite-woodland-5276.herokuapp.com/pages-blank.html]
[infinite-woodland-5276.herokuapp.com/complete-ui.html]
[infinite-woodland-5276.herokuapp.com/color-builder.html]
[infinite-woodland-5276.herokuapp.com/assets/fonts/glyphicons-halflings-regular.eot]
[infinite-woodland-5276.herokuapp.com/assets/fonts/glyphicons-halflings-regulard41d.eot]
[infinite-woodland-5276.herokuapp.com/assets/fonts/glyphicons-halflings-regular.woff]
[infinite-woodland-5276.herokuapp.com/assets/fonts/glyphicons-halflings-regular.ttf]
[infinite-woodland-5276.herokuapp.com/assets/fonts/glyphicons-halflings-regular.svg]
[infinite-woodland-5276.herokuapp.com/assets/fonts/font-awesome/fontawesome-webfontba72.svg]
[infinite-woodland-5276.herokuapp.com/assets/stylesheets/pages.min.css]
[infinite-woodland-5276.herokuapp.com/assets/demo/signin-bg-4.jpg]
[infinite-woodland-5276.herokuapp.com/assets/demo/signin-bg-6.jpg]
[infinite-woodland-5276.herokuapp.com/assets/demo/signin-bg-7.jpg]
[infinite-woodland-5276.herokuapp.com/assets/demo/signin-bg-8.jpg]
[infinite-woodland-5276.herokuapp.com/assets/demo/signin-bg-1.jpg]
[infinite-woodland-5276.herokuapp.com/assets/demo/logo-big.png]
[infinite-woodland-5276.herokuapp.com/assets/javascripts/jquery-ui-extras.min.js]
[infinite-woodland-5276.herokuapp.com/assets/javascripts/jquery.mockjax.js]
[infinite-woodland-5276.herokuapp.com/assets/javascripts/demo-mock.js]
[cdnjs.cloudflare.com/ajax/libs/codemirror/3.20.0/codemirror.min.css]
[cdnjs.cloudflare.com/ajax/libs/codemirror/3.20.0/theme/blackboard.min.css]
[cdnjs.cloudflare.com/ajax/libs/codemirror/3.20.0/theme/monokai.min.css]
[cdnjs.cloudflare.com/ajax/libs/codemirror/3.20.0/codemirror.js]
[cdnjs.cloudflare.com/ajax/libs/codemirror/3.20.0/mode/xml/xml.min.js]
[cdnjs.cloudflare.com/ajax/libs/codemirror/2.36.0/formatting.min.js]
[infinite-woodland-5276.herokuapp.com/assets/demo/pricing-bg.jpg]
[infinite-woodland-5276.herokuapp.com/pages-invoice-print.html]
[infinite-woodland-5276.herokuapp.com/mail.ru]
[infinite-woodland-5276.herokuapp.com/jquery.transit.js]
[infinite-woodland-5276.herokuapp.com/assets/demo/less-1.7.0.js]
